📝 Log file: logs/build-apk-20260814_204611.log
=== Building AFFiNITe Android APK ===
[1/3] Compiling web assets for Android...
Browserslist: browsers data (caniuse-lite) is 6 months old. Please run:
  npx update-browserslist-db@latest
  Why you should do it regularly: https://github.com/browserslist/update-db#readme
[bundle] Packing package @affine/android with rspack...
[bundle] Cleaning old output...
Building [@affine/android] for [stable] channel in [production] mode.
Entry points: index: /home/rousseau/Documents/GitHub/Affinite/packages/frontend/apps/android/src/index.tsx
Output path: /home/rousseau/Documents/GitHub/Affinite/packages/frontend/apps/android/dist
Config: {
  "debug": false,
  "distribution": "android",
  "isDesktopEdition": false,
  "isMobileEdition": true,
  "isElectron": false,
  "isWeb": false,
  "isMobileWeb": false,
  "isIOS": false,
  "isAndroid": true,
  "isNative": true,
  "isAdmin": false,
  "appBuildType": "stable",
  "appVersion": "0.26.3",
  "editorVersion": "0.26.3",
  "githubUrl": "https://github.com/toeverything/AFFiNE",
  "changelogUrl": "https://affine.pro/what-is-new",
  "downloadUrl": "https://affine.pro/download",
  "pricingUrl": "https://affine.pro/pricing",
  "discordUrl": "https://affine.pro/redirect/discord",
  "requestLicenseUrl": "https://affine.pro/redirect/license",
  "imageProxyUrl": "/api/worker/image-proxy",
  "linkPreviewUrl": "/api/worker/link-preview",
  "CAPTCHA_SITE_KEY": "",
  "SENTRY_DSN": ""
}
./packages/frontend/apps/android/src/index.tsx:
  833 assets
  11133 modules

  WARNING in ⚠ asset size limit: The following asset(s) exceed the recommended size limit (244.141 KiB). This can impact web performance.
    │ Assets:
    │   assets/TidyMindMapV3.034dd777.zip (1.424 MiB)
    │   static/c820edeeba50006b531883903f5bb0b96bf523c9a6b3ce5868f03db5.gif (379.637 KiB)
    │   static/templates/JwGgaM_IRE2A9RLtMk8KKbyHAz1rQ3SxnCmNt5CI0Q4=.png (545.721 KiB)
    │   assets/completeWritingWithAI.38c3ca79.zip (1.768 MiB)
    │   static/newIssue.mp4 (1.760 MiB)
    │   static/templates/YuPd_NI22xNMhfm3GHSonetlA9pebkl-z1fsocwM638=.png (433.840 KiB)
    │   js/index.68c07bf5.js (6.154 MiB)
    │   assets/Kalam-Light.93c3de37.ttf (427.234 KiB)
    │   static/1326bc48553a572c6756d9ee1b30a0dfdda26222fc2d2c872b14e609.gif (1.255 MiB)
    │   imgs/screenshot1.png (827.626 KiB)
    │   js/npm-async-@shikijs.65976354.js (8.174 MiB)
    │   assets/typst_ts_web_compiler_bg.ead9717c.wasm (27.063 MiB)
    │   assets/redHat.03f26830.zip (1.946 MiB)
    │   assets/freelyCommunicateWithAI.aa2d74c1.zip (1.528 MiB)
    │   js/i18n-langs.ru.7479fd9d.js (247.236 KiB)
    │   assets/other-page.dark.119524bd.png (365.979 KiB)
    │   assets/other-page.light.28a72192.png (374.378 KiB)
    │   assets/onboarding.27900f54.zip (704.378 KiB)
    │   static/templates/4KbnQ1P38nUux0Tf2fdGqc909fVzGz8PJVuvuSVvnzc=.png (499.639 KiB)
    │   static/githubStar.mp4 (6.831 MiB)
    │   static/9288be57321c8772d04e05dbb69a22742372b3534442607a2d6a9998.gif (1.392 MiB)
    │   assets/dot-bg.light.57dfc801.png (299.988 KiB)
    │   js/npm-async-@lottiefiles.1fe1cf1e.js (525.817 KiB)
    │   assets/typst_ts_renderer_bg.2bcb9d4e.wasm (950.459 KiB)
    │   assets/Kalam-Bold.66c568d5.ttf (450.070 KiB)
    │   js/vendor.d319aa13.js (3.069 MiB)
    │   static/6aa785ee927547ce9dd9d7b43e01eac948337fe57571443e87bc3a60.png (944.615 KiB)
    │   onboarding/ai-onboarding.general.4.mp4 (762.612 KiB)
    │   js/npm-async-cytoscape.5a728f2c.js (418.721 KiB)
    │   js/affine-component.ab7f9f07.js (708.386 KiB)
    │   static/28516717d63e469cd98729ff46be6595711898bab3dc43302319a987.gif (363.258 KiB)
    │   assets/readAforeign.6c731d23.zip (1.226 MiB)
    │   assets/Kalam-Regular.a6865ae4.ttf (417.320 KiB)
    │   assets/Inter-VariableFont_slnt,wght.1cccc37b.ttf (784.555 KiB)
    │   assets/dot-bg.dark.f094bbaa.png (252.386 KiB)
    │   js/npm-async-recharts.f9b6986f.js (249.938 KiB)
    │   onboarding/ai-onboarding.general.3.mp4 (264.695 KiB)
    │   assets/SourceSerif4-Bold.2a8fb63f.ttf (321.383 KiB)
    │   js/npm-async-mermaid.f92b7653.js (1.036 MiB)
    │   static/e93536e1be97e3b5206d43bf0793fdef24e60044d174f0abdefebe08.gif (6.801 MiB)
    │   imgs/screenshot2.png (450.699 KiB)
    │   static/27f983d0765289c19d10ee0b51c00c3c7665236a1a82406370d46e0a.gif (821.684 KiB)
    │   assets/SourceSerif4-SemiBold.7aa2d3a3.ttf (321.426 KiB)
    │   static/templates/jnpiF-qH-9NYu1WEx_asdmPfIBVf_Y5AX64yq-Jvbic=.png (439.041 KiB)
    │   assets/SourceSerif4-Regular.40793c3c.ttf (321.129 KiB)
    │   js/npm-async-@dotlottie.fe754f95.js (1.671 MiB)
    │   js/2414.d8ad8356.js (624.773 KiB)
    │   assets/SourceSerif4-Medium.b00361b5.ttf (321.352 KiB)
    │   js/npm-async-pdfmake.8ede1575.js (1.264 MiB)
    │   js/npm-blocksuite-icons.968e0938.js (1.035 MiB)
    │   static/templates/pmPMoebd5Z2h2cblWB_TxEw4C5VKdVc0r4BDzMu5Jrw=.png (348.667 KiB)
    │   static/047ebf2c9a5c7c9d8521c2ea5e6140ff7732ef9e28a9f944e9bf3ca4.png (709.638 KiB)

  WARNING in ⚠ entrypoint size limit: The following entrypoint(s) combined asset size exceeds the recommended limit (244.141 KiB). This can impact web performance.
    │ Entrypoints:
    │   index (11.617 MiB)
    │       js/runtime.ac1f1536.js
    │       styles.be90f6f4.css
    │       js/npm-blocksuite-icons.968e0938.js
    │       js/npm-rxjs.11b8e534.js
    │       js/i18n.3620f878.js
    │       js/i18n-langs.i18n-completenesses.f9d5cbe5.js
    │       js/npm-react.0676fc08.js
    │       js/npm-jotai.9a538fd4.js
    │       js/npm-emotion.237ab8eb.js
    │       js/affine-component.ab7f9f07.js
    │       vendor.3aad33e0.css
    │       js/vendor.d319aa13.js
    │       js/index.68c07bf5.js

  /home/rousseau/Documents/GitHub/Affinite/packages/frontend/apps/android/src/index.tsx (Rspack 1.7.6) compiled with 2 warnings in 23.59 s

./packages/frontend/core/src/modules/workspace-engine/impls/workspace-profile.worker.ts:
  2 assets
  243 modules
  /home/rousseau/Documents/GitHub/Affinite/packages/frontend/core/src/modules/workspace-engine/impls/workspace-profile.worker.ts (Rspack 1.7.6) compiled successfully in 1.31 s

./packages/frontend/core/src/modules/pdf/renderer/pdf.worker.ts:
  3 assets
  267 modules
  /home/rousseau/Documents/GitHub/Affinite/packages/frontend/core/src/modules/pdf/renderer/pdf.worker.ts (Rspack 1.7.6) compiled successfully in 1.31 s

./packages/frontend/core/src/blocksuite/view-extensions/turbo-renderer/turbo-painter.worker.ts:
  1 asset
  2148 modules
  /home/rousseau/Documents/GitHub/Affinite/packages/frontend/core/src/blocksuite/view-extensions/turbo-renderer/turbo-painter.worker.ts (Rspack 1.7.6) compiled successfully in 1.21 s

./packages/frontend/apps/android/src/nbstore.worker.ts:
  2 assets
  3306 modules
  /home/rousseau/Documents/GitHub/Affinite/packages/frontend/apps/android/src/nbstore.worker.ts (Rspack 1.7.6) compiled successfully in 2.44 s
[2/3] Syncing assets with Capacitor...
npm notice run @affine/monorepo@0.27.1 npx
npm notice run 'cap' sync android
✔ Copying web assets from dist to App/app/src/main/assets/public in 130.53ms
✔ Creating capacitor.config.json in App/app/src/main/assets in 823.72μs
✔ copy android in 145.53ms
✔ Updating Android plugins in 2.66ms
[info] Found 4 Capacitor plugins for android:
       @capacitor/app@7.1.1
       @capacitor/keyboard@7.0.4
       @capacitor/status-bar@7.0.4
       @capgo/inappbrowser@8.1.11
✔ update android in 45.11ms
[info] Sync finished in 0.206s
[3/3] Running Gradle build...
Starting a Gradle Daemon (subsequent builds will be faster)

> Configure project :app
WARNING: Using flatDir should be avoided because it doesn't support any meta-data formats.

> Configure project :capacitor-cordova-android-plugins
WARNING: Using flatDir should be avoided because it doesn't support any meta-data formats.

> Task :service:checkKotlinGradlePluginConfigurationErrors SKIPPED
> Task :service:checkApolloVersions UP-TO-DATE
> Task :service:generateAffineApolloOptions UP-TO-DATE
> Task :service:generateAffineApolloSources UP-TO-DATE
> Task :service:compileKotlin UP-TO-DATE
> Task :service:compileJava NO-SOURCE
> Task :service:processResources NO-SOURCE
> Task :service:classes UP-TO-DATE
> Task :service:jar UP-TO-DATE
> Task :generateLinkerWrapper UP-TO-DATE

> Task :app:cargoBuildArm64
    Finished `release` profile [optimized] target(s) in 0.65s

> Task :app:cargoBuild
> Task :app:preBuild UP-TO-DATE
> Task :app:preStableReleaseBuild UP-TO-DATE
> Task :app:mergeStableReleaseJniLibFolders UP-TO-DATE
> Task :capacitor-android:preBuild UP-TO-DATE
> Task :capacitor-android:preReleaseBuild UP-TO-DATE
> Task :capacitor-android:mergeReleaseJniLibFolders UP-TO-DATE
> Task :capacitor-android:mergeReleaseNativeLibs NO-SOURCE
> Task :capacitor-android:copyReleaseJniLibsProjectOnly UP-TO-DATE
> Task :capacitor-app:preBuild UP-TO-DATE
> Task :capacitor-app:preReleaseBuild UP-TO-DATE
> Task :capacitor-app:mergeReleaseJniLibFolders UP-TO-DATE
> Task :capacitor-app:mergeReleaseNativeLibs NO-SOURCE
> Task :capacitor-app:copyReleaseJniLibsProjectOnly UP-TO-DATE
> Task :capacitor-cordova-android-plugins:preBuild UP-TO-DATE
> Task :capacitor-cordova-android-plugins:preReleaseBuild UP-TO-DATE
> Task :capacitor-cordova-android-plugins:mergeReleaseJniLibFolders
> Task :capacitor-cordova-android-plugins:mergeReleaseNativeLibs NO-SOURCE
> Task :capacitor-keyboard:preBuild UP-TO-DATE
> Task :capacitor-keyboard:preReleaseBuild UP-TO-DATE
> Task :capacitor-cordova-android-plugins:copyReleaseJniLibsProjectOnly
> Task :capacitor-keyboard:mergeReleaseJniLibFolders UP-TO-DATE
> Task :capacitor-keyboard:mergeReleaseNativeLibs NO-SOURCE
> Task :capacitor-keyboard:copyReleaseJniLibsProjectOnly UP-TO-DATE
> Task :capacitor-status-bar:preBuild UP-TO-DATE
> Task :capacitor-status-bar:preReleaseBuild UP-TO-DATE
> Task :capacitor-status-bar:mergeReleaseJniLibFolders UP-TO-DATE
> Task :capacitor-status-bar:mergeReleaseNativeLibs NO-SOURCE
> Task :capacitor-status-bar:copyReleaseJniLibsProjectOnly UP-TO-DATE
> Task :capgo-inappbrowser:preBuild UP-TO-DATE
> Task :capgo-inappbrowser:preReleaseBuild UP-TO-DATE
> Task :capgo-inappbrowser:mergeReleaseJniLibFolders UP-TO-DATE
> Task :capgo-inappbrowser:mergeReleaseNativeLibs NO-SOURCE
> Task :capgo-inappbrowser:copyReleaseJniLibsProjectOnly UP-TO-DATE
> Task :app:mergeStableReleaseNativeLibs UP-TO-DATE
> Task :app:stripStableReleaseDebugSymbols UP-TO-DATE
> Task :app:extractStableReleaseNativeSymbolTables UP-TO-DATE
> Task :app:mergeStableReleaseNativeDebugMetadata UP-TO-DATE
> Task :capacitor-android:generateReleaseResValues UP-TO-DATE
> Task :capacitor-android:generateReleaseResources UP-TO-DATE
> Task :capacitor-android:packageReleaseResources UP-TO-DATE
> Task :capacitor-android:parseReleaseLocalResources UP-TO-DATE
> Task :capacitor-android:generateReleaseRFile UP-TO-DATE
> Task :capacitor-android:javaPreCompileRelease UP-TO-DATE
> Task :capacitor-android:compileReleaseJavaWithJavac UP-TO-DATE
> Task :capacitor-android:bundleLibCompileToJarRelease UP-TO-DATE
> Task :capacitor-app:generateReleaseResValues UP-TO-DATE
> Task :capacitor-app:generateReleaseResources UP-TO-DATE
> Task :capacitor-app:packageReleaseResources UP-TO-DATE
> Task :capacitor-app:parseReleaseLocalResources UP-TO-DATE
> Task :capacitor-app:generateReleaseRFile UP-TO-DATE
> Task :capacitor-app:javaPreCompileRelease UP-TO-DATE
> Task :capacitor-app:compileReleaseJavaWithJavac UP-TO-DATE
> Task :capacitor-app:mergeReleaseGeneratedProguardFiles UP-TO-DATE
> Task :capacitor-app:exportReleaseConsumerProguardFiles UP-TO-DATE
> Task :capacitor-keyboard:generateReleaseResValues UP-TO-DATE
> Task :capacitor-keyboard:generateReleaseResources UP-TO-DATE
> Task :capacitor-keyboard:packageReleaseResources UP-TO-DATE
> Task :capacitor-keyboard:parseReleaseLocalResources UP-TO-DATE
> Task :capacitor-keyboard:generateReleaseRFile UP-TO-DATE
> Task :capacitor-keyboard:javaPreCompileRelease UP-TO-DATE
> Task :capacitor-keyboard:compileReleaseJavaWithJavac UP-TO-DATE
> Task :capacitor-keyboard:mergeReleaseGeneratedProguardFiles UP-TO-DATE
> Task :capacitor-keyboard:exportReleaseConsumerProguardFiles UP-TO-DATE
> Task :capacitor-status-bar:generateReleaseResValues UP-TO-DATE
> Task :capacitor-status-bar:generateReleaseResources UP-TO-DATE
> Task :capacitor-status-bar:packageReleaseResources UP-TO-DATE
> Task :capacitor-status-bar:parseReleaseLocalResources UP-TO-DATE
> Task :capacitor-status-bar:generateReleaseRFile UP-TO-DATE
> Task :capacitor-status-bar:javaPreCompileRelease UP-TO-DATE
> Task :capacitor-status-bar:compileReleaseJavaWithJavac UP-TO-DATE
> Task :capacitor-status-bar:mergeReleaseGeneratedProguardFiles UP-TO-DATE
> Task :capacitor-status-bar:exportReleaseConsumerProguardFiles UP-TO-DATE
> Task :capgo-inappbrowser:generateReleaseResValues UP-TO-DATE
> Task :capgo-inappbrowser:generateReleaseResources UP-TO-DATE
> Task :capgo-inappbrowser:packageReleaseResources UP-TO-DATE
> Task :capgo-inappbrowser:parseReleaseLocalResources UP-TO-DATE
> Task :capgo-inappbrowser:generateReleaseRFile UP-TO-DATE
> Task :capgo-inappbrowser:javaPreCompileRelease UP-TO-DATE
> Task :capgo-inappbrowser:compileReleaseJavaWithJavac UP-TO-DATE
> Task :capgo-inappbrowser:mergeReleaseGeneratedProguardFiles UP-TO-DATE
> Task :capgo-inappbrowser:exportReleaseConsumerProguardFiles UP-TO-DATE
> Task :capacitor-android:mergeReleaseGeneratedProguardFiles UP-TO-DATE
> Task :capacitor-android:exportReleaseConsumerProguardFiles UP-TO-DATE
> Task :capacitor-cordova-android-plugins:generateReleaseResValues
> Task :capacitor-cordova-android-plugins:generateReleaseResources
> Task :capacitor-cordova-android-plugins:packageReleaseResources
> Task :capacitor-cordova-android-plugins:javaPreCompileRelease
> Task :capacitor-cordova-android-plugins:parseReleaseLocalResources
> Task :app:checkStableReleaseDuplicateClasses UP-TO-DATE
> Task :capacitor-android:prepareReleaseArtProfile UP-TO-DATE
> Task :capacitor-app:prepareReleaseArtProfile UP-TO-DATE
> Task :capacitor-cordova-android-plugins:prepareReleaseArtProfile UP-TO-DATE
> Task :capacitor-keyboard:prepareReleaseArtProfile UP-TO-DATE
> Task :capacitor-status-bar:prepareReleaseArtProfile UP-TO-DATE
> Task :capgo-inappbrowser:prepareReleaseArtProfile UP-TO-DATE
> Task :app:mergeStableReleaseArtProfile UP-TO-DATE
> Task :capacitor-cordova-android-plugins:generateReleaseRFile
> Task :app:buildKotlinToolingMetadata UP-TO-DATE
> Task :capacitor-cordova-android-plugins:compileReleaseJavaWithJavac NO-SOURCE
> Task :capacitor-cordova-android-plugins:mergeReleaseGeneratedProguardFiles UP-TO-DATE
> Task :capacitor-cordova-android-plugins:exportReleaseConsumerProguardFiles UP-TO-DATE
> Task :app:checkKotlinGradlePluginConfigurationErrors SKIPPED
> Task :app:dataBindingMergeDependencyArtifactsStableRelease UP-TO-DATE
> Task :app:generateStableReleaseResValues UP-TO-DATE
> Task :app:generateStableReleaseResources UP-TO-DATE
> Task :app:injectCrashlyticsMappingFileIdStableRelease
> Task :app:processStableReleaseGoogleServices UP-TO-DATE
> Task :app:packageStableReleaseResources
> Task :app:generateStableReleaseBuildConfig UP-TO-DATE
> Task :capacitor-android:writeReleaseAarMetadata UP-TO-DATE
> Task :capacitor-app:writeReleaseAarMetadata UP-TO-DATE
> Task :capacitor-keyboard:writeReleaseAarMetadata UP-TO-DATE
> Task :capacitor-status-bar:writeReleaseAarMetadata UP-TO-DATE
> Task :capgo-inappbrowser:writeReleaseAarMetadata UP-TO-DATE
> Task :capacitor-cordova-android-plugins:writeReleaseAarMetadata
> Task :app:parseStableReleaseLocalResources
> Task :app:checkStableReleaseAarMetadata UP-TO-DATE
> Task :app:mapStableReleaseSourceSetPaths UP-TO-DATE
> Task :app:createStableReleaseCompatibleScreenManifests UP-TO-DATE
> Task :app:extractDeepLinksStableRelease UP-TO-DATE
> Task :capacitor-android:extractDeepLinksRelease UP-TO-DATE
> Task :capacitor-android:processReleaseManifest UP-TO-DATE
> Task :capacitor-app:extractDeepLinksRelease UP-TO-DATE
> Task :capacitor-app:processReleaseManifest UP-TO-DATE
> Task :capacitor-cordova-android-plugins:extractDeepLinksRelease
> Task :capacitor-keyboard:extractDeepLinksRelease UP-TO-DATE
> Task :capacitor-keyboard:processReleaseManifest UP-TO-DATE
> Task :capacitor-status-bar:extractDeepLinksRelease UP-TO-DATE
> Task :capacitor-status-bar:processReleaseManifest UP-TO-DATE
> Task :capgo-inappbrowser:extractDeepLinksRelease UP-TO-DATE
> Task :capgo-inappbrowser:processReleaseManifest UP-TO-DATE
> Task :capacitor-android:compileReleaseLibraryResources UP-TO-DATE
> Task :capacitor-app:compileReleaseLibraryResources UP-TO-DATE
> Task :app:mergeStableReleaseResources
> Task :capacitor-cordova-android-plugins:compileReleaseLibraryResources
> Task :capacitor-keyboard:compileReleaseLibraryResources UP-TO-DATE
> Task :capacitor-cordova-android-plugins:processReleaseManifest
> Task :app:dataBindingGenBaseClassesStableRelease UP-TO-DATE
> Task :app:processStableReleaseMainManifest UP-TO-DATE
> Task :app:processStableReleaseManifest UP-TO-DATE
> Task :app:processStableReleaseManifestForPackage UP-TO-DATE
> Task :capacitor-status-bar:compileReleaseLibraryResources UP-TO-DATE
> Task :capgo-inappbrowser:compileReleaseLibraryResources UP-TO-DATE
> Task :capacitor-app:bundleLibCompileToJarRelease UP-TO-DATE
> Task :capacitor-keyboard:bundleLibCompileToJarRelease UP-TO-DATE
> Task :capacitor-status-bar:bundleLibCompileToJarRelease UP-TO-DATE
> Task :capgo-inappbrowser:bundleLibCompileToJarRelease UP-TO-DATE
> Task :capacitor-cordova-android-plugins:bundleLibCompileToJarRelease

> Task :app:generateStableReleaseUniFFIBindings
    Finished `dev` profile [unoptimized + debuginfo] target(s) in 0.49s
     Running `/home/rousseau/Documents/GitHub/Affinite/target/debug/uniffi-bindgen generate --library /home/rousseau/Documents/GitHub/Affinite/packages/frontend/apps/android/App/app/build/rustJniLibs/android/arm64-v8a/libaffine_mobile_native.so --language kotlin --out-dir /home/rousseau/Documents/GitHub/Affinite/packages/frontend/apps/android/App/app/src/main/java`
Code generation complete, formatting with ktlint (use --no-format to disable)
Warning: Unable to auto-format affine_mobile_native.kt using ktlint: Os { code: 2, kind: NotFound, message: "No such file or directory" }

> Task :app:javaPreCompileStableRelease UP-TO-DATE
> Task :capacitor-app:bundleLibRuntimeToJarRelease UP-TO-DATE
> Task :capacitor-keyboard:bundleLibRuntimeToJarRelease UP-TO-DATE
> Task :capacitor-status-bar:bundleLibRuntimeToJarRelease UP-TO-DATE
> Task :capgo-inappbrowser:bundleLibRuntimeToJarRelease UP-TO-DATE
> Task :capacitor-android:bundleLibRuntimeToJarRelease UP-TO-DATE
> Task :capacitor-cordova-android-plugins:bundleLibRuntimeToJarRelease
> Task :app:extractProguardFiles UP-TO-DATE
> Task :capacitor-android:processReleaseJavaRes NO-SOURCE
> Task :capacitor-app:processReleaseJavaRes NO-SOURCE
> Task :capacitor-cordova-android-plugins:processReleaseJavaRes NO-SOURCE
> Task :capacitor-keyboard:processReleaseJavaRes NO-SOURCE
> Task :capacitor-status-bar:processReleaseJavaRes NO-SOURCE
> Task :capgo-inappbrowser:processReleaseJavaRes NO-SOURCE
> Task :app:mergeStableReleaseStartupProfile UP-TO-DATE
> Task :app:mergeStableReleaseShaders UP-TO-DATE
> Task :app:compileStableReleaseShaders NO-SOURCE
> Task :app:generateStableReleaseAssets
> Task :capacitor-android:mergeReleaseShaders UP-TO-DATE
> Task :capacitor-android:compileReleaseShaders NO-SOURCE
> Task :capacitor-android:generateReleaseAssets UP-TO-DATE
> Task :capacitor-android:mergeReleaseAssets UP-TO-DATE
> Task :capacitor-app:mergeReleaseShaders UP-TO-DATE
> Task :capacitor-app:compileReleaseShaders NO-SOURCE
> Task :capacitor-app:generateReleaseAssets UP-TO-DATE
> Task :capacitor-app:mergeReleaseAssets UP-TO-DATE
> Task :capacitor-cordova-android-plugins:mergeReleaseShaders
> Task :capacitor-cordova-android-plugins:compileReleaseShaders NO-SOURCE
> Task :capacitor-cordova-android-plugins:generateReleaseAssets UP-TO-DATE
> Task :capacitor-cordova-android-plugins:mergeReleaseAssets
> Task :capacitor-keyboard:mergeReleaseShaders UP-TO-DATE
> Task :capacitor-keyboard:compileReleaseShaders NO-SOURCE
> Task :capacitor-keyboard:generateReleaseAssets UP-TO-DATE
> Task :capacitor-keyboard:mergeReleaseAssets UP-TO-DATE
> Task :capacitor-status-bar:mergeReleaseShaders UP-TO-DATE
> Task :capacitor-status-bar:compileReleaseShaders NO-SOURCE
> Task :capacitor-status-bar:generateReleaseAssets UP-TO-DATE
> Task :capacitor-status-bar:mergeReleaseAssets UP-TO-DATE
> Task :capgo-inappbrowser:mergeReleaseShaders UP-TO-DATE
> Task :capgo-inappbrowser:compileReleaseShaders NO-SOURCE
> Task :capgo-inappbrowser:generateReleaseAssets UP-TO-DATE
> Task :capgo-inappbrowser:mergeReleaseAssets UP-TO-DATE
> Task :app:processStableReleaseResources
> Task :app:mergeStableReleaseAssets
> Task :app:kspStableReleaseKotlin UP-TO-DATE
> Task :app:compileStableReleaseKotlin UP-TO-DATE
> Task :app:compileStableReleaseJavaWithJavac UP-TO-DATE
> Task :app:hiltAggregateDepsStableRelease UP-TO-DATE
> Task :app:hiltJavaCompileStableRelease UP-TO-DATE
> Task :app:transformStableReleaseClassesWithAsm UP-TO-DATE
> Task :app:expandStableReleaseArtProfileWildcards UP-TO-DATE
> Task :app:mergeStableReleaseGeneratedProguardFiles UP-TO-DATE
> Task :app:processStableReleaseJavaRes UP-TO-DATE
> Task :app:mergeStableReleaseJavaResource UP-TO-DATE
> Task :app:minifyStableReleaseWithR8 UP-TO-DATE
> Task :app:compileStableReleaseArtProfile UP-TO-DATE
> Task :app:extractStableReleaseVersionControlInfo UP-TO-DATE
> Task :capacitor-android:createFullJarRelease UP-TO-DATE
> Task :capacitor-android:extractProguardFiles UP-TO-DATE
> Task :capacitor-android:generateReleaseLintModel UP-TO-DATE
> Task :capacitor-android:prepareLintJarForPublish UP-TO-DATE
> Task :capacitor-app:createFullJarRelease UP-TO-DATE
> Task :capacitor-app:extractProguardFiles UP-TO-DATE
> Task :capacitor-app:generateReleaseLintModel UP-TO-DATE
> Task :capacitor-app:prepareLintJarForPublish UP-TO-DATE
> Task :capacitor-cordova-android-plugins:createFullJarRelease
> Task :capacitor-cordova-android-plugins:extractProguardFiles
> Task :capacitor-cordova-android-plugins:generateReleaseLintModel
> Task :capacitor-cordova-android-plugins:prepareLintJarForPublish UP-TO-DATE
> Task :capacitor-keyboard:createFullJarRelease UP-TO-DATE
> Task :capacitor-keyboard:extractProguardFiles UP-TO-DATE
> Task :capacitor-keyboard:generateReleaseLintModel UP-TO-DATE
> Task :capacitor-keyboard:prepareLintJarForPublish UP-TO-DATE
> Task :capacitor-status-bar:createFullJarRelease UP-TO-DATE
> Task :capacitor-status-bar:extractProguardFiles UP-TO-DATE
> Task :capacitor-status-bar:generateReleaseLintModel UP-TO-DATE
> Task :capacitor-status-bar:prepareLintJarForPublish UP-TO-DATE
> Task :capgo-inappbrowser:createFullJarRelease UP-TO-DATE
> Task :capgo-inappbrowser:extractProguardFiles UP-TO-DATE
> Task :capgo-inappbrowser:generateReleaseLintModel UP-TO-DATE
> Task :capgo-inappbrowser:prepareLintJarForPublish UP-TO-DATE
> Task :app:generateStableReleaseLintVitalReportModel
> Task :capacitor-app:stripReleaseDebugSymbols NO-SOURCE
> Task :capacitor-app:copyReleaseJniLibsProjectAndLocalJars UP-TO-DATE
> Task :capacitor-app:extractDeepLinksForAarRelease UP-TO-DATE
> Task :capacitor-app:extractReleaseAnnotations UP-TO-DATE
> Task :capacitor-app:mergeReleaseConsumerProguardFiles UP-TO-DATE
> Task :capacitor-app:mergeReleaseJavaResource UP-TO-DATE
> Task :capacitor-app:syncReleaseLibJars UP-TO-DATE
> Task :capacitor-app:bundleReleaseLocalLintAar UP-TO-DATE
> Task :capacitor-keyboard:stripReleaseDebugSymbols NO-SOURCE
> Task :capacitor-keyboard:copyReleaseJniLibsProjectAndLocalJars UP-TO-DATE
> Task :capacitor-keyboard:extractDeepLinksForAarRelease UP-TO-DATE
> Task :capacitor-keyboard:extractReleaseAnnotations UP-TO-DATE
> Task :capacitor-keyboard:mergeReleaseConsumerProguardFiles UP-TO-DATE
> Task :capacitor-keyboard:mergeReleaseJavaResource UP-TO-DATE
> Task :capacitor-keyboard:syncReleaseLibJars UP-TO-DATE
> Task :capacitor-keyboard:bundleReleaseLocalLintAar UP-TO-DATE
> Task :capacitor-status-bar:stripReleaseDebugSymbols NO-SOURCE
> Task :capacitor-status-bar:copyReleaseJniLibsProjectAndLocalJars UP-TO-DATE
> Task :capacitor-status-bar:extractDeepLinksForAarRelease UP-TO-DATE
> Task :capacitor-status-bar:extractReleaseAnnotations UP-TO-DATE
> Task :capacitor-status-bar:mergeReleaseConsumerProguardFiles UP-TO-DATE
> Task :capacitor-status-bar:mergeReleaseJavaResource UP-TO-DATE
> Task :capacitor-status-bar:syncReleaseLibJars UP-TO-DATE
> Task :capacitor-status-bar:bundleReleaseLocalLintAar UP-TO-DATE
> Task :capgo-inappbrowser:stripReleaseDebugSymbols NO-SOURCE
> Task :capgo-inappbrowser:copyReleaseJniLibsProjectAndLocalJars UP-TO-DATE
> Task :capgo-inappbrowser:extractDeepLinksForAarRelease UP-TO-DATE
> Task :capgo-inappbrowser:extractReleaseAnnotations UP-TO-DATE
> Task :capgo-inappbrowser:mergeReleaseConsumerProguardFiles UP-TO-DATE
> Task :capgo-inappbrowser:mergeReleaseJavaResource UP-TO-DATE
> Task :capgo-inappbrowser:syncReleaseLibJars UP-TO-DATE
> Task :capgo-inappbrowser:bundleReleaseLocalLintAar UP-TO-DATE
> Task :capacitor-android:stripReleaseDebugSymbols NO-SOURCE
> Task :capacitor-android:copyReleaseJniLibsProjectAndLocalJars UP-TO-DATE
> Task :capacitor-android:extractDeepLinksForAarRelease UP-TO-DATE
> Task :capacitor-android:extractReleaseAnnotations UP-TO-DATE
> Task :capacitor-android:mergeReleaseConsumerProguardFiles UP-TO-DATE
> Task :capacitor-android:mergeReleaseJavaResource UP-TO-DATE
> Task :capacitor-android:syncReleaseLibJars UP-TO-DATE
> Task :capacitor-android:bundleReleaseLocalLintAar UP-TO-DATE
> Task :capacitor-cordova-android-plugins:stripReleaseDebugSymbols NO-SOURCE
> Task :capacitor-cordova-android-plugins:copyReleaseJniLibsProjectAndLocalJars
> Task :capacitor-cordova-android-plugins:extractDeepLinksForAarRelease UP-TO-DATE
> Task :capacitor-cordova-android-plugins:extractReleaseAnnotations
> Task :capacitor-cordova-android-plugins:mergeReleaseConsumerProguardFiles UP-TO-DATE
> Task :capacitor-android:lintVitalAnalyzeRelease UP-TO-DATE
> Task :capacitor-android:writeReleaseLintModelMetadata UP-TO-DATE
> Task :capacitor-app:lintVitalAnalyzeRelease UP-TO-DATE
> Task :capacitor-app:writeReleaseLintModelMetadata UP-TO-DATE
> Task :app:compressStableReleaseAssets
> Task :capacitor-cordova-android-plugins:writeReleaseLintModelMetadata
> Task :capacitor-keyboard:lintVitalAnalyzeRelease UP-TO-DATE
> Task :capacitor-keyboard:writeReleaseLintModelMetadata UP-TO-DATE
> Task :capacitor-cordova-android-plugins:mergeReleaseJavaResource
> Task :capacitor-status-bar:lintVitalAnalyzeRelease UP-TO-DATE
> Task :capacitor-cordova-android-plugins:syncReleaseLibJars
> Task :capacitor-cordova-android-plugins:bundleReleaseLocalLintAar
> Task :capacitor-status-bar:writeReleaseLintModelMetadata UP-TO-DATE
> Task :capgo-inappbrowser:lintVitalAnalyzeRelease UP-TO-DATE
> Task :capgo-inappbrowser:writeReleaseLintModelMetadata UP-TO-DATE
> Task :capacitor-android:generateReleaseLintVitalModel UP-TO-DATE
> Task :capacitor-app:generateReleaseLintVitalModel UP-TO-DATE
> Task :capacitor-cordova-android-plugins:generateReleaseLintVitalModel
> Task :capacitor-keyboard:generateReleaseLintVitalModel UP-TO-DATE
> Task :capacitor-status-bar:generateReleaseLintVitalModel UP-TO-DATE
> Task :capgo-inappbrowser:generateReleaseLintVitalModel UP-TO-DATE
> Task :app:uploadCrashlyticsMappingFileStableRelease
> Task :app:collectStableReleaseDependencies UP-TO-DATE
> Task :app:sdkStableReleaseDependencyData UP-TO-DATE
> Task :app:validateSigningStableRelease UP-TO-DATE
> Task :app:writeStableReleaseAppMetadata UP-TO-DATE
> Task :app:writeStableReleaseSigningConfigVersions UP-TO-DATE
> Task :app:optimizeStableReleaseResources
> Task :capacitor-cordova-android-plugins:lintVitalAnalyzeRelease
> Task :app:lintVitalAnalyzeStableRelease
> Task :app:lintVitalReportStableRelease
> Task :app:lintVitalStableRelease
> Task :app:packageStableRelease
> Task :app:createStableReleaseApkListingFileRedirect UP-TO-DATE
> Task :app:assembleStableRelease

[Incubating] Problems report is available at: file:///home/rousseau/Documents/GitHub/Affinite/packages/frontend/apps/android/App/build/reports/problems/problems-report.html

Deprecated Gradle features were used in this build, making it incompatible with Gradle 9.0.

You can use '--warning-mode all' to show the individual deprecation warnings and determine if they come from your own scripts or plugins.

For more on this, please refer to https://docs.gradle.org/8.14/userguide/command_line_interface.html#sec:command_line_warnings in the Gradle documentation.

BUILD SUCCESSFUL in 1m 11s
269 actionable tasks: 43 executed, 226 up-to-date
=== APK build complete! ===
Output: packages/frontend/apps/android/App/app/build/outputs/apk/stable/release/AFFINITE-release.apk
